2024.12.06 14:17:06 INFO  Started: Metals version 1.4.1 in folders '/Users/yashthapliyal/Documents/School/CU/F24/CSCI3434-ToC/Proof-Generator-CSCI3434' for client Cursor 1.93.1.
2024.12.06 14:17:07 WARN  Flyway upgrade recommended: H2 2.3.232 is newer than this version of Flyway and support has not been tested. The latest supported version of H2 is 2.2.224.
2024.12.06 14:17:07 INFO  no build target found for /Users/yashthapliyal/Documents/School/CU/F24/CSCI3434-ToC/Proof-Generator-CSCI3434/src/main/scala/ProofGenerator.scala. Using presentation compiler with project's scala-library version: 3.3.4
2024.12.06 14:17:09 INFO  no build target found for /Users/yashthapliyal/Documents/School/CU/F24/CSCI3434-ToC/Proof-Generator-CSCI3434/src/main/scala/ProofGenerator.scala. Using presentation compiler with project's scala-library version: 3.3.4
2024.12.06 14:17:11 INFO  no build target found for /Users/yashthapliyal/Documents/School/CU/F24/CSCI3434-ToC/Proof-Generator-CSCI3434/src/main/scala/ProofGenerator.scala. Using presentation compiler with project's scala-library version: 3.3.4
2024.12.06 14:17:11 INFO  no build target found for /Users/yashthapliyal/Documents/School/CU/F24/CSCI3434-ToC/Proof-Generator-CSCI3434/src/main/scala/ProofGenerator.scala. Using presentation compiler with project's scala-library version: 3.3.4
2024.12.06 14:17:11 INFO  no build target found for /Users/yashthapliyal/Documents/School/CU/F24/CSCI3434-ToC/Proof-Generator-CSCI3434/src/main/scala/ProofGenerator.scala. Using presentation compiler with project's scala-library version: 3.3.4
2024.12.06 14:17:11 INFO  no build target found for /Users/yashthapliyal/Documents/School/CU/F24/CSCI3434-ToC/Proof-Generator-CSCI3434/src/test/scala/ProofGeneratorTest.scala. Using presentation compiler with project's scala-library version: 3.3.4
2024.12.06 14:17:12 WARN  Could not find semantic tokens for: file:///Users/yashthapliyal/Documents/School/CU/F24/CSCI3434-ToC/Proof-Generator-CSCI3434/src/test/scala/ProofGeneratorTest.scala
2024.12.06 14:17:13 INFO  no build target found for /Users/yashthapliyal/Documents/School/CU/F24/CSCI3434-ToC/Proof-Generator-CSCI3434/src/test/scala/ProofGeneratorTest.scala. Using presentation compiler with project's scala-library version: 3.3.4
2024.12.06 14:17:13 INFO  no build target found for /Users/yashthapliyal/Documents/School/CU/F24/CSCI3434-ToC/Proof-Generator-CSCI3434/src/main/scala/ProofGenerator.scala. Using presentation compiler with project's scala-library version: 3.3.4
2024.12.06 14:17:13 INFO  no build target found for /Users/yashthapliyal/Documents/School/CU/F24/CSCI3434-ToC/Proof-Generator-CSCI3434/src/test/scala/ProofGeneratorTest.scala. Using presentation compiler with project's scala-library version: 3.3.4
2024.12.06 14:17:13 INFO  no build target found for /Users/yashthapliyal/Documents/School/CU/F24/CSCI3434-ToC/Proof-Generator-CSCI3434/src/main/scala/ProofGenerator.scala. Using presentation compiler with project's scala-library version: 3.3.4
2024.12.06 14:17:14 INFO  no build target found for /Users/yashthapliyal/Documents/School/CU/F24/CSCI3434-ToC/Proof-Generator-CSCI3434/src/test/scala/ProofGeneratorTest.scala. Using presentation compiler with project's scala-library version: 3.3.4
2024.12.06 14:17:14 WARN  Could not find semantic tokens for: file:///Users/yashthapliyal/Documents/School/CU/F24/CSCI3434-ToC/Proof-Generator-CSCI3434/src/test/scala/ProofGeneratorTest.scala
2024.12.06 14:17:13 INFO  no build target found for /Users/yashthapliyal/Documents/School/CU/F24/CSCI3434-ToC/Proof-Generator-CSCI3434/src/test/scala/ProofGeneratorTest.scala. Using presentation compiler with project's scala-library version: 3.3.4
2024.12.06 14:17:14 INFO  no build target found for /Users/yashthapliyal/Documents/School/CU/F24/CSCI3434-ToC/Proof-Generator-CSCI3434/src/main/scala/ProofGenerator.scala. Using presentation compiler with project's scala-library version: 3.3.4
2024.12.06 14:17:15 INFO  no build target found for /Users/yashthapliyal/Documents/School/CU/F24/CSCI3434-ToC/Proof-Generator-CSCI3434/src/test/scala/ProofGeneratorTest.scala. Using presentation compiler with project's scala-library version: 3.3.4
2024.12.06 14:17:15 WARN  Could not find semantic tokens for: file:///Users/yashthapliyal/Documents/School/CU/F24/CSCI3434-ToC/Proof-Generator-CSCI3434/src/test/scala/ProofGeneratorTest.scala
2024.12.06 14:17:17 INFO  no build target found for /Users/yashthapliyal/Documents/School/CU/F24/CSCI3434-ToC/Proof-Generator-CSCI3434/src/test/scala/ProofGeneratorTest.scala. Using presentation compiler with project's scala-library version: 3.3.4
2024.12.06 14:17:18 INFO  no build target found for /Users/yashthapliyal/Documents/School/CU/F24/CSCI3434-ToC/Proof-Generator-CSCI3434/src/test/scala/ProofGeneratorTest.scala. Using presentation compiler with project's scala-library version: 3.3.4
2024.12.06 14:17:18 INFO  no build target found for /Users/yashthapliyal/Documents/School/CU/F24/CSCI3434-ToC/Proof-Generator-CSCI3434/src/main/scala/ProofGenerator.scala. Using presentation compiler with project's scala-library version: 3.3.4
2024.12.06 14:17:18 INFO  no build target found for /Users/yashthapliyal/Documents/School/CU/F24/CSCI3434-ToC/Proof-Generator-CSCI3434/src/test/scala/ProofGeneratorTest.scala. Using presentation compiler with project's scala-library version: 3.3.4
2024.12.06 14:17:22 INFO  no build target found for /Users/yashthapliyal/Documents/School/CU/F24/CSCI3434-ToC/Proof-Generator-CSCI3434/src/main/scala/ProofGenerator.scala. Using presentation compiler with project's scala-library version: 3.3.4
2024.12.06 14:17:24 INFO  no build target found for /Users/yashthapliyal/Documents/School/CU/F24/CSCI3434-ToC/Proof-Generator-CSCI3434/src/test/scala/ProofGeneratorTest.scala. Using presentation compiler with project's scala-library version: 3.3.4
2024.12.06 14:17:24 INFO  no build target found for /Users/yashthapliyal/Documents/School/CU/F24/CSCI3434-ToC/Proof-Generator-CSCI3434/src/main/scala/ProofGenerator.scala. Using presentation compiler with project's scala-library version: 3.3.4
2024.12.06 14:17:24 INFO  no build target found for /Users/yashthapliyal/Documents/School/CU/F24/CSCI3434-ToC/Proof-Generator-CSCI3434/src/test/scala/ProofGeneratorTest.scala. Using presentation compiler with project's scala-library version: 3.3.4
2024.12.06 14:17:31 INFO  no build target found for /Users/yashthapliyal/Documents/School/CU/F24/CSCI3434-ToC/Proof-Generator-CSCI3434/src/main/scala/ProofGenerator.scala. Using presentation compiler with project's scala-library version: 3.3.4
2024.12.06 14:17:31 INFO  no build target found for /Users/yashthapliyal/Documents/School/CU/F24/CSCI3434-ToC/Proof-Generator-CSCI3434/src/main/scala/ProofGenerator.scala. Using presentation compiler with project's scala-library version: 3.3.4
2024.12.06 14:17:37 INFO  no build target found for /Users/yashthapliyal/Documents/School/CU/F24/CSCI3434-ToC/Proof-Generator-CSCI3434/src/main/scala/ProofGenerator.scala. Using presentation compiler with project's scala-library version: 3.3.4
2024.12.06 14:17:55 INFO  no build target found for /Users/yashthapliyal/Documents/School/CU/F24/CSCI3434-ToC/Proof-Generator-CSCI3434/build.sbt. Using presentation compiler with project's scala-library version: 3.3.4
2024.12.06 14:18:17 INFO  no build target found for /Users/yashthapliyal/Documents/School/CU/F24/CSCI3434-ToC/Proof-Generator-CSCI3434/src/test/scala/ProofGeneratorTest.scala. Using presentation compiler with project's scala-library version: 3.3.4
2024.12.06 14:18:17 INFO  no build target found for /Users/yashthapliyal/Documents/School/CU/F24/CSCI3434-ToC/Proof-Generator-CSCI3434/src/test/scala/ProofGeneratorTest.scala. Using presentation compiler with project's scala-library version: 3.3.4
2024.12.06 14:18:19 INFO  no build target found for /Users/yashthapliyal/Documents/School/CU/F24/CSCI3434-ToC/Proof-Generator-CSCI3434/src/test/scala/ProofGeneratorTest.scala. Using presentation compiler with project's scala-library version: 3.3.4
2024.12.06 14:18:19 INFO  no build target found for /Users/yashthapliyal/Documents/School/CU/F24/CSCI3434-ToC/Proof-Generator-CSCI3434/src/test/scala/ProofGeneratorTest.scala. Using presentation compiler with project's scala-library version: 3.3.4
2024.12.06 14:18:48 INFO  no build target found for /Users/yashthapliyal/Documents/School/CU/F24/CSCI3434-ToC/Proof-Generator-CSCI3434/src/main/scala/ProofGenerator.scala. Using presentation compiler with project's scala-library version: 3.3.4
2024.12.06 14:18:48 INFO  no build target found for /Users/yashthapliyal/Documents/School/CU/F24/CSCI3434-ToC/Proof-Generator-CSCI3434/build.sbt. Using presentation compiler with project's scala-library version: 3.3.4
2024.12.06 14:18:48 INFO  no build target found for /Users/yashthapliyal/Documents/School/CU/F24/CSCI3434-ToC/Proof-Generator-CSCI3434/build.sbt. Using presentation compiler with project's scala-library version: 3.3.4
2024.12.06 14:18:49 WARN  no build target for: /Users/yashthapliyal/Documents/School/CU/F24/CSCI3434-ToC/Proof-Generator-CSCI3434/build.sbt
2024.12.06 14:18:49 INFO  no build target found for /Users/yashthapliyal/Documents/School/CU/F24/CSCI3434-ToC/Proof-Generator-CSCI3434/build.sbt. Using presentation compiler with project's scala-library version: 3.3.4
2024.12.06 14:18:49 INFO  no build target found for /Users/yashthapliyal/Documents/School/CU/F24/CSCI3434-ToC/Proof-Generator-CSCI3434/build.sbt. Using presentation compiler with project's scala-library version: 3.3.4
2024.12.06 14:18:49 INFO  no build target found for /Users/yashthapliyal/Documents/School/CU/F24/CSCI3434-ToC/Proof-Generator-CSCI3434/build.sbt. Using presentation compiler with project's scala-library version: 3.3.4
2024.12.06 14:18:52 INFO  no build target found for /Users/yashthapliyal/Documents/School/CU/F24/CSCI3434-ToC/Proof-Generator-CSCI3434/src/main/scala/ProofGenerator.scala. Using presentation compiler with project's scala-library version: 3.3.4
2024.12.06 14:18:52 INFO  no build target found for /Users/yashthapliyal/Documents/School/CU/F24/CSCI3434-ToC/Proof-Generator-CSCI3434/src/test/scala/ProofGeneratorTest.scala. Using presentation compiler with project's scala-library version: 3.3.4
2024.12.06 14:18:52 INFO  no build target found for /Users/yashthapliyal/Documents/School/CU/F24/CSCI3434-ToC/Proof-Generator-CSCI3434/src/test/scala/ProofGeneratorTest.scala. Using presentation compiler with project's scala-library version: 3.3.4
2024.12.06 14:18:52 INFO  no build target found for /Users/yashthapliyal/Documents/School/CU/F24/CSCI3434-ToC/Proof-Generator-CSCI3434/src/test/scala/ProofGeneratorTest.scala. Using presentation compiler with project's scala-library version: 3.3.4
2024.12.06 14:18:52 INFO  no build target found for /Users/yashthapliyal/Documents/School/CU/F24/CSCI3434-ToC/Proof-Generator-CSCI3434/src/test/scala/ProofGeneratorTest.scala. Using presentation compiler with project's scala-library version: 3.3.4
2024.12.06 14:18:53 INFO  no build target found for /Users/yashthapliyal/Documents/School/CU/F24/CSCI3434-ToC/Proof-Generator-CSCI3434/src/test/scala/ProofGeneratorTest.scala. Using presentation compiler with project's scala-library version: 3.3.4
2024.12.06 14:18:52 INFO  no build target found for /Users/yashthapliyal/Documents/School/CU/F24/CSCI3434-ToC/Proof-Generator-CSCI3434/src/test/scala/ProofGeneratorTest.scala. Using presentation compiler with project's scala-library version: 3.3.4
2024.12.06 14:18:54 INFO  no build target found for /Users/yashthapliyal/Documents/School/CU/F24/CSCI3434-ToC/Proof-Generator-CSCI3434/src/test/scala/ProofGeneratorTest.scala. Using presentation compiler with project's scala-library version: 3.3.4
2024.12.06 14:18:54 WARN  no build target for: /Users/yashthapliyal/Documents/School/CU/F24/CSCI3434-ToC/Proof-Generator-CSCI3434/src/test/scala/ProofGeneratorTest.scala
2024.12.06 14:18:54 INFO  no build target found for /Users/yashthapliyal/Documents/School/CU/F24/CSCI3434-ToC/Proof-Generator-CSCI3434/src/test/scala/ProofGeneratorTest.scala. Using presentation compiler with project's scala-library version: 3.3.4
2024.12.06 14:18:55 INFO  no build target found for /Users/yashthapliyal/Documents/School/CU/F24/CSCI3434-ToC/Proof-Generator-CSCI3434/src/main/scala/ProofGenerator.scala. Using presentation compiler with project's scala-library version: 3.3.4
2024.12.06 14:18:55 WARN  no build target for: /Users/yashthapliyal/Documents/School/CU/F24/CSCI3434-ToC/Proof-Generator-CSCI3434/src/test/scala/ProofGeneratorTest.scala
2024.12.06 14:18:55 INFO  no build target found for /Users/yashthapliyal/Documents/School/CU/F24/CSCI3434-ToC/Proof-Generator-CSCI3434/src/test/scala/ProofGeneratorTest.scala. Using presentation compiler with project's scala-library version: 3.3.4
2024.12.06 14:18:55 INFO  no build target found for /Users/yashthapliyal/Documents/School/CU/F24/CSCI3434-ToC/Proof-Generator-CSCI3434/src/test/scala/ProofGeneratorTest.scala. Using presentation compiler with project's scala-library version: 3.3.4
2024.12.06 14:18:57 INFO  no build target found for /Users/yashthapliyal/Documents/School/CU/F24/CSCI3434-ToC/Proof-Generator-CSCI3434/src/main/scala/ProofGenerator.scala. Using presentation compiler with project's scala-library version: 3.3.4
2024.12.06 14:18:57 INFO  no build target found for /Users/yashthapliyal/Documents/School/CU/F24/CSCI3434-ToC/Proof-Generator-CSCI3434/src/test/scala/ProofGeneratorTest.scala. Using presentation compiler with project's scala-library version: 3.3.4
2024.12.06 14:18:57 INFO  no build target found for /Users/yashthapliyal/Documents/School/CU/F24/CSCI3434-ToC/Proof-Generator-CSCI3434/src/test/scala/ProofGeneratorTest.scala. Using presentation compiler with project's scala-library version: 3.3.4
2024.12.06 14:19:00 INFO  no build target found for /Users/yashthapliyal/Documents/School/CU/F24/CSCI3434-ToC/Proof-Generator-CSCI3434/src/test/scala/ProofGeneratorTest.scala. Using presentation compiler with project's scala-library version: 3.3.4
2024.12.06 14:19:00 INFO  no build target found for /Users/yashthapliyal/Documents/School/CU/F24/CSCI3434-ToC/Proof-Generator-CSCI3434/src/main/scala/ProofGenerator.scala. Using presentation compiler with project's scala-library version: 3.3.4
2024.12.06 14:19:00 INFO  no build target found for /Users/yashthapliyal/Documents/School/CU/F24/CSCI3434-ToC/Proof-Generator-CSCI3434/src/test/scala/ProofGeneratorTest.scala. Using presentation compiler with project's scala-library version: 3.3.4
2024.12.06 14:19:00 INFO  no build target found for /Users/yashthapliyal/Documents/School/CU/F24/CSCI3434-ToC/Proof-Generator-CSCI3434/src/main/scala/ProofGenerator.scala. Using presentation compiler with project's scala-library version: 3.3.4
2024.12.06 14:19:00 INFO  no build target found for /Users/yashthapliyal/Documents/School/CU/F24/CSCI3434-ToC/Proof-Generator-CSCI3434/build.sbt. Using presentation compiler with project's scala-library version: 3.3.4
2024.12.06 14:19:00 INFO  no build target found for /Users/yashthapliyal/Documents/School/CU/F24/CSCI3434-ToC/Proof-Generator-CSCI3434/build.sbt. Using presentation compiler with project's scala-library version: 3.3.4
2024.12.06 14:19:01 INFO  no build target found for /Users/yashthapliyal/Documents/School/CU/F24/CSCI3434-ToC/Proof-Generator-CSCI3434/build.sbt. Using presentation compiler with project's scala-library version: 3.3.4
2024.12.06 14:19:01 INFO  no build target found for /Users/yashthapliyal/Documents/School/CU/F24/CSCI3434-ToC/Proof-Generator-CSCI3434/src/main/scala/ProofGenerator.scala. Using presentation compiler with project's scala-library version: 3.3.4
2024.12.06 14:19:01 INFO  no build target found for /Users/yashthapliyal/Documents/School/CU/F24/CSCI3434-ToC/Proof-Generator-CSCI3434/build.sbt. Using presentation compiler with project's scala-library version: 3.3.4
2024.12.06 14:19:01 WARN  no build target for: /Users/yashthapliyal/Documents/School/CU/F24/CSCI3434-ToC/Proof-Generator-CSCI3434/build.sbt
2024.12.06 14:19:00 INFO  no build target found for /Users/yashthapliyal/Documents/School/CU/F24/CSCI3434-ToC/Proof-Generator-CSCI3434/build.sbt. Using presentation compiler with project's scala-library version: 3.3.4
2024.12.06 14:19:01 INFO  no build target found for /Users/yashthapliyal/Documents/School/CU/F24/CSCI3434-ToC/Proof-Generator-CSCI3434/build.sbt. Using presentation compiler with project's scala-library version: 3.3.4
2024.12.06 14:19:08 INFO  no build target found for /Users/yashthapliyal/Documents/School/CU/F24/CSCI3434-ToC/Proof-Generator-CSCI3434/build.sbt. Using presentation compiler with project's scala-library version: 3.3.4
2024.12.06 14:19:17 INFO  no build target found for /Users/yashthapliyal/Documents/School/CU/F24/CSCI3434-ToC/Proof-Generator-CSCI3434/src/test/scala/ProofGeneratorTest.scala. Using presentation compiler with project's scala-library version: 3.3.4
2024.12.06 14:19:19 INFO  no build target found for /Users/yashthapliyal/Documents/School/CU/F24/CSCI3434-ToC/Proof-Generator-CSCI3434/src/test/scala/ProofGeneratorTest.scala. Using presentation compiler with project's scala-library version: 3.3.4
2024.12.06 14:19:25 INFO  no build target found for /Users/yashthapliyal/Documents/School/CU/F24/CSCI3434-ToC/Proof-Generator-CSCI3434/build.sbt. Using presentation compiler with project's scala-library version: 3.3.4
2024.12.06 14:20:04 INFO  no build target found for /Users/yashthapliyal/Documents/School/CU/F24/CSCI3434-ToC/Proof-Generator-CSCI3434/src/main/scala/ProofGenerator.scala. Using presentation compiler with project's scala-library version: 3.3.4
2024.12.06 14:20:22 INFO  no build target found for /Users/yashthapliyal/Documents/School/CU/F24/CSCI3434-ToC/Proof-Generator-CSCI3434/src/test/scala/ProofGeneratorTest.scala. Using presentation compiler with project's scala-library version: 3.3.4
2024.12.06 14:20:22 INFO  no build target found for /Users/yashthapliyal/Documents/School/CU/F24/CSCI3434-ToC/Proof-Generator-CSCI3434/src/test/scala/ProofGeneratorTest.scala. Using presentation compiler with project's scala-library version: 3.3.4
2024.12.06 14:20:23 INFO  no build target found for /Users/yashthapliyal/Documents/School/CU/F24/CSCI3434-ToC/Proof-Generator-CSCI3434/src/test/scala/ProofGeneratorTest.scala. Using presentation compiler with project's scala-library version: 3.3.4
2024.12.06 14:20:23 WARN  no build target for: /Users/yashthapliyal/Documents/School/CU/F24/CSCI3434-ToC/Proof-Generator-CSCI3434/src/test/scala/ProofGeneratorTest.scala
2024.12.06 14:20:23 INFO  no build target found for /Users/yashthapliyal/Documents/School/CU/F24/CSCI3434-ToC/Proof-Generator-CSCI3434/src/test/scala/ProofGeneratorTest.scala. Using presentation compiler with project's scala-library version: 3.3.4
2024.12.06 14:20:29 WARN  no build target for: /Users/yashthapliyal/Documents/School/CU/F24/CSCI3434-ToC/Proof-Generator-CSCI3434/src/test/scala/ProofGeneratorTest.scala
2024.12.06 14:20:29 INFO  no build target found for /Users/yashthapliyal/Documents/School/CU/F24/CSCI3434-ToC/Proof-Generator-CSCI3434/src/test/scala/ProofGeneratorTest.scala. Using presentation compiler with project's scala-library version: 3.3.4
2024.12.06 14:22:13 INFO  no build target found for /Users/yashthapliyal/Documents/School/CU/F24/CSCI3434-ToC/Proof-Generator-CSCI3434/src/test/scala/ProofGeneratorTest.scala. Using presentation compiler with project's scala-library version: 3.3.4
2024.12.06 14:22:16 INFO  no build target found for /Users/yashthapliyal/Documents/School/CU/F24/CSCI3434-ToC/Proof-Generator-CSCI3434/src/test/scala/ProofGeneratorTest.scala. Using presentation compiler with project's scala-library version: 3.3.4
2024.12.06 14:22:16 INFO  no build target found for /Users/yashthapliyal/Documents/School/CU/F24/CSCI3434-ToC/Proof-Generator-CSCI3434/src/test/scala/ProofGeneratorTest.scala. Using presentation compiler with project's scala-library version: 3.3.4
2024.12.06 14:22:16 INFO  no build target found for /Users/yashthapliyal/Documents/School/CU/F24/CSCI3434-ToC/Proof-Generator-CSCI3434/src/test/scala/ProofGeneratorTest.scala. Using presentation compiler with project's scala-library version: 3.3.4
2024.12.06 14:22:34 INFO  no build target found for /Users/yashthapliyal/Documents/School/CU/F24/CSCI3434-ToC/Proof-Generator-CSCI3434/src/test/scala/ProofGeneratorTest.scala. Using presentation compiler with project's scala-library version: 3.3.4
2024.12.06 14:24:43 INFO  no build target found for /Users/yashthapliyal/Documents/School/CU/F24/CSCI3434-ToC/Proof-Generator-CSCI3434/src/test/scala/ProofGeneratorTest.scala. Using presentation compiler with project's scala-library version: 3.3.4
2024.12.06 14:24:43 INFO  no build target found for /Users/yashthapliyal/Documents/School/CU/F24/CSCI3434-ToC/Proof-Generator-CSCI3434/src/test/scala/ProofGeneratorTest.scala. Using presentation compiler with project's scala-library version: 3.3.4
2024.12.06 14:24:48 INFO  no build target found for /Users/yashthapliyal/Documents/School/CU/F24/CSCI3434-ToC/Proof-Generator-CSCI3434/src/test/scala/ProofGeneratorTest.scala. Using presentation compiler with project's scala-library version: 3.3.4
2024.12.06 14:26:06 INFO  no build target found for /Users/yashthapliyal/Documents/School/CU/F24/CSCI3434-ToC/Proof-Generator-CSCI3434/src/test/scala/ProofGeneratorTest.scala. Using presentation compiler with project's scala-library version: 3.3.4
2024.12.06 14:28:14 INFO  no build target found for /Users/yashthapliyal/Documents/School/CU/F24/CSCI3434-ToC/Proof-Generator-CSCI3434/src/test/scala/ProofGeneratorTest.scala. Using presentation compiler with project's scala-library version: 3.3.4
2024.12.06 14:28:17 INFO  no build target found for /Users/yashthapliyal/Documents/School/CU/F24/CSCI3434-ToC/Proof-Generator-CSCI3434/src/test/scala/ProofGeneratorTest.scala. Using presentation compiler with project's scala-library version: 3.3.4
2024.12.06 14:28:19 INFO  no build target found for /Users/yashthapliyal/Documents/School/CU/F24/CSCI3434-ToC/Proof-Generator-CSCI3434/src/test/scala/ProofGeneratorTest.scala. Using presentation compiler with project's scala-library version: 3.3.4
2024.12.06 14:31:58 INFO  no build target found for /Users/yashthapliyal/Documents/School/CU/F24/CSCI3434-ToC/Proof-Generator-CSCI3434/src/test/scala/ProofGeneratorTest.scala. Using presentation compiler with project's scala-library version: 3.3.4
2024.12.06 14:31:58 INFO  no build target found for /Users/yashthapliyal/Documents/School/CU/F24/CSCI3434-ToC/Proof-Generator-CSCI3434/src/main/scala/ProofGenerator.scala. Using presentation compiler with project's scala-library version: 3.3.4
2024.12.06 14:31:59 INFO  no build target found for /Users/yashthapliyal/Documents/School/CU/F24/CSCI3434-ToC/Proof-Generator-CSCI3434/src/test/scala/ProofGeneratorTest.scala. Using presentation compiler with project's scala-library version: 3.3.4
2024.12.06 14:32:07 INFO  no build target found for /Users/yashthapliyal/Documents/School/CU/F24/CSCI3434-ToC/Proof-Generator-CSCI3434/src/test/scala/ProofGeneratorTest.scala. Using presentation compiler with project's scala-library version: 3.3.4
2024.12.06 14:32:07 INFO  no build target found for /Users/yashthapliyal/Documents/School/CU/F24/CSCI3434-ToC/Proof-Generator-CSCI3434/src/main/scala/ProofGenerator.scala. Using presentation compiler with project's scala-library version: 3.3.4
2024.12.06 14:32:07 INFO  no build target found for /Users/yashthapliyal/Documents/School/CU/F24/CSCI3434-ToC/Proof-Generator-CSCI3434/src/test/scala/ProofGeneratorTest.scala. Using presentation compiler with project's scala-library version: 3.3.4
